// Jest Snapshot v1, https://goo.gl/fbAQLP

exports[`Pruebas en PrimeraApp Debe de mostrar <PrimeraApp /> correctamente 1`] = `
<Fragment>
  <h1>
    Hola, soy Isaac
  </h1>
  <p>
    Soy un subtitulo
  </p>
</Fragment>
`;
